Resolved egress policy (7 allow, 2 deny)

ALLOW
  [global]                        passthrough  api.anthropic.com              (any path)  ⚠ passthrough (audit blind spot)
  [explicit]                      intercept    api.github.com                 /repos/tobyS/x/  (GET, POST)  inject:github-token
  [explicit]                      intercept    s3.eu-central-1.amazonaws.com  (any path)  in-cage
  [generated:package_json:react]  intercept    react.dev                      (any path)
  [generated:package_json:react]  intercept    github.com                     /facebook/react/
  [generated:package_json:react]  intercept    objects.githubusercontent.com  (any path)  ⚠ lower-trust
  [once]                          intercept    docs.somelib.io                /v2/

DENY
  [global]    w3schools.com  (any path)  (reason: low quality)
  [explicit]  *              **/.env  (reason: secrets)
