[
  {
    "rule": {
      "host": "laravel.com"
    },
    "source": "generated:composer_json:laravel/framework"
  },
  {
    "rule": {
      "host": "github.com",
      "paths": [
        "/laravel/framework/"
      ]
    },
    "source": "generated:composer_json:laravel/framework"
  },
  {
    "rule": {
      "host": "api.github.com",
      "paths": [
        "/repos/laravel/framework/"
      ]
    },
    "source": "generated:composer_json:laravel/framework"
  },
  {
    "rule": {
      "host": "raw.githubusercontent.com",
      "paths": [
        "/laravel/framework/"
      ]
    },
    "source": "generated:composer_json:laravel/framework"
  },
  {
    "rule": {
      "host": "codeload.github.com",
      "paths": [
        "/laravel/framework/"
      ]
    },
    "source": "generated:composer_json:laravel/framework"
  },
  {
    "rule": {
      "host": "laravel.github.io",
      "paths": [
        "/framework/"
      ]
    },
    "source": "generated:composer_json:laravel/framework"
  },
  {
    "rule": {
      "host": "objects.githubusercontent.com"
    },
    "source": "generated:composer_json:laravel/framework",
    "lower_trust": true
  },
  {
    "rule": {
      "host": "laravel.com"
    },
    "source": "generated:composer_json:laravel/pint"
  },
  {
    "rule": {
      "host": "github.com",
      "paths": [
        "/laravel/pint/"
      ]
    },
    "source": "generated:composer_json:laravel/pint"
  },
  {
    "rule": {
      "host": "api.github.com",
      "paths": [
        "/repos/laravel/pint/"
      ]
    },
    "source": "generated:composer_json:laravel/pint"
  },
  {
    "rule": {
      "host": "raw.githubusercontent.com",
      "paths": [
        "/laravel/pint/"
      ]
    },
    "source": "generated:composer_json:laravel/pint"
  },
  {
    "rule": {
      "host": "codeload.github.com",
      "paths": [
        "/laravel/pint/"
      ]
    },
    "source": "generated:composer_json:laravel/pint"
  },
  {
    "rule": {
      "host": "laravel.github.io",
      "paths": [
        "/pint/"
      ]
    },
    "source": "generated:composer_json:laravel/pint"
  },
  {
    "rule": {
      "host": "objects.githubusercontent.com"
    },
    "source": "generated:composer_json:laravel/pint",
    "lower_trust": true
  },
  {
    "rule": {
      "host": "github.com",
      "paths": [
        "/Seldaek/monolog/"
      ]
    },
    "source": "generated:composer_json:monolog/monolog"
  },
  {
    "rule": {
      "host": "api.github.com",
      "paths": [
        "/repos/Seldaek/monolog/"
      ]
    },
    "source": "generated:composer_json:monolog/monolog"
  },
  {
    "rule": {
      "host": "raw.githubusercontent.com",
      "paths": [
        "/Seldaek/monolog/"
      ]
    },
    "source": "generated:composer_json:monolog/monolog"
  },
  {
    "rule": {
      "host": "codeload.github.com",
      "paths": [
        "/Seldaek/monolog/"
      ]
    },
    "source": "generated:composer_json:monolog/monolog"
  },
  {
    "rule": {
      "host": "seldaek.github.io",
      "paths": [
        "/monolog/"
      ]
    },
    "source": "generated:composer_json:monolog/monolog"
  },
  {
    "rule": {
      "host": "objects.githubusercontent.com"
    },
    "source": "generated:composer_json:monolog/monolog",
    "lower_trust": true
  },
  {
    "rule": {
      "host": "phpunit.de"
    },
    "source": "generated:composer_json:phpunit/phpunit"
  },
  {
    "rule": {
      "host": "github.com",
      "paths": [
        "/sebastianbergmann/phpunit/"
      ]
    },
    "source": "generated:composer_json:phpunit/phpunit"
  },
  {
    "rule": {
      "host": "api.github.com",
      "paths": [
        "/repos/sebastianbergmann/phpunit/"
      ]
    },
    "source": "generated:composer_json:phpunit/phpunit"
  },
  {
    "rule": {
      "host": "raw.githubusercontent.com",
      "paths": [
        "/sebastianbergmann/phpunit/"
      ]
    },
    "source": "generated:composer_json:phpunit/phpunit"
  },
  {
    "rule": {
      "host": "codeload.github.com",
      "paths": [
        "/sebastianbergmann/phpunit/"
      ]
    },
    "source": "generated:composer_json:phpunit/phpunit"
  },
  {
    "rule": {
      "host": "sebastianbergmann.github.io",
      "paths": [
        "/phpunit/"
      ]
    },
    "source": "generated:composer_json:phpunit/phpunit"
  },
  {
    "rule": {
      "host": "objects.githubusercontent.com"
    },
    "source": "generated:composer_json:phpunit/phpunit",
    "lower_trust": true
  },
  {
    "rule": {
      "host": "github.com",
      "paths": [
        "/Roave/SecurityAdvisories/"
      ]
    },
    "source": "generated:composer_json:roave/security-advisories"
  },
  {
    "rule": {
      "host": "api.github.com",
      "paths": [
        "/repos/Roave/SecurityAdvisories/"
      ]
    },
    "source": "generated:composer_json:roave/security-advisories"
  },
  {
    "rule": {
      "host": "raw.githubusercontent.com",
      "paths": [
        "/Roave/SecurityAdvisories/"
      ]
    },
    "source": "generated:composer_json:roave/security-advisories"
  },
  {
    "rule": {
      "host": "codeload.github.com",
      "paths": [
        "/Roave/SecurityAdvisories/"
      ]
    },
    "source": "generated:composer_json:roave/security-advisories"
  },
  {
    "rule": {
      "host": "roave.github.io",
      "paths": [
        "/SecurityAdvisories/"
      ]
    },
    "source": "generated:composer_json:roave/security-advisories"
  },
  {
    "rule": {
      "host": "objects.githubusercontent.com"
    },
    "source": "generated:composer_json:roave/security-advisories",
    "lower_trust": true
  }
]
