{
  "version": 1,
  "input_hash": "8e9e93791c6b64d368848f2204d21b9457f072fc5436e7d6734fc10154196b19",
  "credentials": {
    "drive": {
      "header": "Authorization",
      "template": "Bearer {token}",
      "oauth2": {
        "refresh_token": "keychain://agent-creance/drive-refresh",
        "client_id": "1234.apps.googleusercontent.com",
        "token_endpoint": "https://oauth2.googleapis.com/token",
        "scopes": [
          "https://www.googleapis.com/auth/drive.file"
        ]
      }
    },
    "gh-app": {
      "header": "Authorization",
      "template": "Bearer {token}",
      "github_app": {
        "key": "keychain://agent-creance/ghapp-key",
        "client_id": "Iv1.example",
        "repo": "tobyS/agent-creance",
        "permissions": {
          "contents": "read",
          "issues": "write"
        }
      }
    },
    "github-token": {
      "source": "op://Private/GitHub PAT/token",
      "header": "Authorization",
      "template": "Bearer {token}"
    }
  },
  "allow": [
    {
      "host": "api.anthropic.com",
      "mode": "passthrough",
      "source": "global"
    },
    {
      "host": "api.github.com",
      "paths": [
        "/repos/tobyS/x/"
      ],
      "methods": [
        "GET",
        "POST"
      ],
      "mode": "intercept",
      "inject": "github-token",
      "source": "explicit"
    },
    {
      "host": "s3.eu-central-1.amazonaws.com",
      "mode": "intercept",
      "in_cage": true,
      "source": "explicit"
    },
    {
      "host": "react.dev",
      "mode": "intercept",
      "source": "generated:package_json:react"
    },
    {
      "host": "github.com",
      "paths": [
        "/facebook/react/"
      ],
      "mode": "intercept",
      "source": "generated:package_json:react"
    },
    {
      "host": "objects.githubusercontent.com",
      "mode": "intercept",
      "source": "generated:package_json:react",
      "lower_trust": true
    },
    {
      "host": "docs.somelib.io",
      "paths": [
        "/v2/"
      ],
      "mode": "intercept",
      "source": "once"
    }
  ],
  "deny_always": [
    {
      "host": "w3schools.com",
      "mode": "intercept",
      "reason": "low quality",
      "source": "global"
    },
    {
      "host": "*",
      "paths": [
        "**/.env"
      ],
      "mode": "intercept",
      "reason": "secrets",
      "source": "explicit"
    }
  ]
}
